// Jest Snapshot v1, https://goo.gl/fbAQLP

exports[`snapshot 1`] = `
<View
  style={
    Object {
      "backgroundColor": "black",
    }
  }
/>
`;
